▲ Next.js 16.3.8 (Turbopack)
✓ Running next.config.ts took 173ms
⚠ No build cache found. Please configure build caching for faster rebuilds. Read more: https://nextjs.org/docs/messages/no-cache
Attention: Next.js now collects completely anonymous telemetry regarding usage.
This information is used to shape Next.js' roadmap and prioritize features.
You can learn more, including how to opt-out if you'd not like to participate in this anonymous program, by visiting the following URL:
https://nextjs.org/telemetry


  Creating an optimized production build ...
C:\Users\Fraylin\Desktop\Kortek-Booking\.tmp\ci-synthetic-clean\apps\web:
[ERR_PNPM_RECURSIVE_RUN_FIRST_FAIL] web@0.1.0 build: `next build`
Exit status 1
$ nest build
$ next build
[1m[31mFATAL[39m[0m: An unexpected Turbopack error occurred:
Symlink [project]/apps/web/node_modules/next is invalid, it points out of the filesystem root

Debug info:
- Execution of get_all_written_entrypoints_with_issues_operation failed
- Execution of EntrypointsOperation::new failed
- Execution of all_entrypoints_write_to_disk_operation failed
- Execution of output_assets_operation failed
- Execution of Project::get_all_endpoint_groups_with_app_route_filter failed
- Execution of Project::entrypoints_with_app_route_filter failed
- Execution of AppProject::routes_with_filter failed
- Execution of directory_tree_to_entrypoints_internal failed
- Execution of directory_tree_to_loader_tree failed
- Execution of try_get_next_package failed
- Execution of resolve failed
- Execution of resolve_internal failed
- Execution of find_package failed
- Symlink [project]/apps/web/node_modules/next is invalid, it points out of the filesystem root

> Build error occurred
Error [TurbopackInternalError]: Symlink [project]/apps/web/node_modules/next is invalid, it points out of the filesystem root

Debug info:
- Execution of get_all_written_entrypoints_with_issues_operation failed
- Execution of EntrypointsOperation::new failed
- Execution of all_entrypoints_write_to_disk_operation failed
- Execution of output_assets_operation failed
- Execution of Project::get_all_endpoint_groups_with_app_route_filter failed
- Execution of Project::entrypoints_with_app_route_filter failed
- Execution of AppProject::routes_with_filter failed
- Execution of directory_tree_to_entrypoints_internal failed
- Execution of directory_tree_to_loader_tree failed
- Execution of try_get_next_package failed
- Execution of resolve failed
- Execution of resolve_internal failed
- Execution of find_package failed
- Symlink [project]/apps/web/node_modules/next is invalid, it points out of the filesystem root
    at ignore-listed frames {
  type: 'TurbopackInternalError',
  location: undefined
}
