::add-mask::[omitted]
Prisma schema loaded from prisma\schema.prisma
Datasource "db": PostgreSQL database "kortek_ci_test", schema "public" at "127.0.0.1:50423"

28 migrations found in prisma/migrations


No pending migrations to apply.
$ jest --config ./test/jest-e2e.json "--runInBand" "--runTestsByPath" "test/public-booking-m1.e2e-spec.ts" "test/postgres-throttler-retry.e2e-spec.ts"
PASS test/public-booking-m1.e2e-spec.ts (6.886 s)
  ● Console

    console.log
      M1_BUDGET {"professionals":1,"duration":30,"blocks":0,"samplesMs":[62,49,48],"queries":19,"cpuMs":125}

      at Object.<anonymous> (public-booking-m1.e2e-spec.ts:665:15)

    console.log
      M1_BUDGET {"professionals":10,"duration":60,"blocks":0,"samplesMs":[59,55,53],"queries":19,"cpuMs":172}

      at Object.<anonymous> (public-booking-m1.e2e-spec.ts:665:15)

    console.log
      M1_BUDGET {"professionals":40,"duration":15,"blocks":1240,"samplesMs":[192,184,180],"queries":19,"cpuMs":577}

      at Object.<anonymous> (public-booking-m1.e2e-spec.ts:665:15)

    console.log
      M1_BUDGET {"professionals":40,"duration":360,"blocks":1240,"samplesMs":[146,149,147],"queries":19,"cpuMs":453}

      at Object.<anonymous> (public-booking-m1.e2e-spec.ts:665:15)

PASS test/postgres-throttler-retry.e2e-spec.ts

Test Suites: 2 passed, 2 total
Tests:       25 passed, 25 total
Snapshots:   0 total
Time:        11.322 s
Ran all test suites within paths "test/public-booking-m1.e2e-spec.ts", "test/postgres-throttler-retry.e2e-spec.ts".
