[Nest] 29308  - 07/10/2026, 11:25:21 a. m.    WARN [TeamInvitationsService] Clerk create invitation failed with an unknown error
[Nest] 29308  - 07/10/2026, 11:25:21 a. m.    WARN [TeamInvitationsService] Clerk create invitation failed with an unknown error
[Nest] 29308  - 07/10/2026, 11:25:21 a. m.    WARN [TeamInvitationsService] Clerk create invitation failed status=429 code=rate_limit
[Nest] 29308  - 07/10/2026, 11:25:21 a. m.    WARN [TeamInvitationsService] Clerk revoke invitation reached terminal state status=422 code=invitation_already_accepted
[Nest] 29308  - 07/10/2026, 11:25:29 a. m.    WARN [TeamInvitationsService] Clerk create invitation failed with an unknown error
[Nest] 29308  - 07/10/2026, 11:25:21 a. m.    WARN [TeamInvitationsService] Clerk revoke invitation reached terminal state status=422 code=invitation_already_revoked
[Nest] 29308  - 07/10/2026, 11:25:21 a. m.    WARN [TeamInvitationsService] Clerk revoke invitation failed with an unknown error
[Nest] 29308  - 07/10/2026, 11:25:28 a. m.    WARN [ClerkSessionVerifierService] Clerk session rejected: authentication_state
[Nest] 29308  - 07/10/2026, 11:25:28 a. m.    WARN [ClerkSessionVerifierService] Clerk session rejected: authentication_state
[Nest] 29308  - 07/10/2026, 11:25:28 a. m.    WARN [ClerkSessionVerifierService] Clerk session rejected: authentication_state
[Nest] 29308  - 07/10/2026, 11:25:28 a. m.    WARN [ClerkSessionVerifierService] Clerk session rejected: authentication_state
[Nest] 29308  - 07/10/2026, 11:25:28 a. m.    WARN [ClerkSessionVerifierService] Clerk session rejected: claims_mismatch
[Nest] 29308  - 07/10/2026, 11:25:28 a. m.    WARN [ClerkSessionVerifierService] Clerk session rejected: authoritative_session
[Nest] 29308  - 07/10/2026, 11:25:28 a. m.    WARN [ClerkSessionVerifierService] Clerk session rejected: authoritative_session
[Nest] 29308  - 07/10/2026, 11:25:28 a. m.    WARN [ClerkSessionVerifierService] Clerk session rejected: authoritative_session
[Nest] 29308  - 07/10/2026, 11:25:28 a. m.    WARN [ClerkSessionVerifierService] Clerk session rejected: authoritative_session
[Nest] 29308  - 07/10/2026, 11:25:28 a. m.    WARN [ClerkSessionVerifierService] Clerk session verification failed: Error
[Nest] 29308  - 07/10/2026, 11:25:28 a. m.    WARN [ClerkSessionVerifierService] Clerk no disponible: Error
[Nest] 29308  - 07/10/2026, 11:25:28 a. m.    WARN [ClerkSessionVerifierService] Clerk session verification failed: ClerkAPIResponseError
[Nest] 29308  - 07/10/2026, 11:25:28 a. m.    WARN [ClerkSessionVerifierService] Clerk session verification failed: ClerkAPIResponseError
[Nest] 29308  - 07/10/2026, 11:25:28 a. m.    WARN [ClerkSessionVerifierService] Clerk session verification failed: ClerkAPIResponseError
[Nest] 29308  - 07/10/2026, 11:25:28 a. m.    WARN [ClerkSessionVerifierService] Clerk session verification failed: ClerkAPIResponseError
[Nest] 29308  - 07/10/2026, 11:25:24 a. m.   ERROR [ClerkAuthGuard] Error inesperado en ClerkAuthGuard: Error
[Nest] 29308  - 07/10/2026, 11:25:29 a. m.   ERROR [ClerkOnboardingGuard] Error inesperado en ClerkOnboardingGuard: Error

Test Suites: 65 passed, 65 total
Tests:       871 passed, 871 total
Snapshots:   0 total
Time:        39.766 s, estimated 49 s
Ran all test suites.
Test results written to: ..\..\docs\quality\evidence\reserva-invitado-c1\postgres\e6f8eed515574078ae501d662ba742f0\full-api.json
