20260719162646_initial_schema
20260720044928_add_invoice_model
20260722030552_link_professional_user
20260722042926_add_customer_role
20260723212248_microsite_and_indexes
20260724023058_global_identity_membership
20260725215619_service_client_is_active
20260727010227_audit_log_user_id
20260811180000_booking_schedule_exclusion
20260812010000_professionals_backend_a1
20260813193000_professional_individual_availability_a2
20260813200000_professional_availability_tenant_fk
20260814190000_add_user_clerk_link_a0_1
20260815120000_password_nullable
20260820220000_audit_log_pre_tenant_security_events
20260821220000_team_invitations_a0_4
20260822150000_client_user_b2c_link_a0_6_a
20260825220000_facturacion_a_internal_invoices
20260826210000_facturacion_a_completion_service_price_guards
20260909120000_restore_invoice_integrity_checks
20260912120000_cms_editorial
20260914120000_booking_email_outbox
20260914120100_email_channel_control
20260915120000_email_template_version
20260923100000_media_promotions
20260925010000_security_rate_bucket
20260927170000_business_schedule
20261003120000_customer_stage_one
